[{"url": "https://www.sina.com.cn", "reason": "An exception occurred during first time page load timeout exception"}]